LIBFLASHROM_1.0 {
  global:
    flashrom_data_free;
    flashrom_flag_get;
    flashrom_flag_set;
    flashrom_flash_erase;
    flashrom_flash_getsize;
    flashrom_flash_probe;
    flashrom_flash_release;
    flashrom_image_read;
    flashrom_image_verify;
    flashrom_image_write;
    flashrom_init;
    flashrom_layout_add_region;
    flashrom_layout_exclude_region;
    flashrom_layout_get_region_range;
    flashrom_layout_include_region;
    flashrom_layout_new;
    flashrom_layout_read_fmap_from_buffer;
    flashrom_layout_read_fmap_from_rom;
    flashrom_layout_read_from_ifd;
    flashrom_layout_release;
    flashrom_layout_set;
    flashrom_programmer_init;
    flashrom_programmer_shutdown;
    flashrom_set_log_callback;
    flashrom_set_progress_callback;
    flashrom_shutdown;
    flashrom_supported_boards;
    flashrom_supported_chipsets;
    flashrom_supported_flash_chips;
    flashrom_version_info;
    flashrom_wp_cfg_new;
    flashrom_wp_cfg_release;
    flashrom_wp_get_available_ranges;
    flashrom_wp_get_mode;
    flashrom_wp_get_range;
    flashrom_wp_ranges_get_count;
    flashrom_wp_ranges_get_range;
    flashrom_wp_ranges_release;
    flashrom_wp_read_cfg;
    flashrom_wp_set_mode;
    flashrom_wp_set_range;
    flashrom_wp_write_cfg;
  local: *;
};
